Resend OTP error: Error: Invalid login: 535-5.7.8 Username and Password not accepted. For more information, go to
535 5.7.8  https://support.google.com/mail/?p=BadCredentials ffacd0b85a97d-43fe4e3a341sm74658843f8f.24 - gsmtp
    at SMTPConnection._formatError (C:\Users\HP\Downloads\feeX\backend\node_modules\nodemailer\lib\smtp-connection\index.js:887:19)
    at SMTPConnection._actionAUTHComplete (C:\Users\HP\Downloads\feeX\backend\node_modules\nodemailer\lib\smtp-connection\index.js:1695:34)
    at SMTPConnection.<anonymous> (C:\Users\HP\Downloads\feeX\backend\node_modules\nodemailer\lib\smtp-connection\index.js:626:26)
    at SMTPConnection._processResponse (C:\Users\HP\Downloads\feeX\backend\node_modules\nodemailer\lib\smtp-connection\index.js:1072:20)
    at SMTPConnection._onData (C:\Users\HP\Downloads\feeX\backend\node_modules\nodemailer\lib\smtp-connection\index.js:847:14)
    at SMTPConnection._onSocketData (C:\Users\HP\Downloads\feeX\backend\node_modules\nodemailer\lib\smtp-connection\index.js:217:44)
    at TLSSocket.emit (node:events:519:28)
    at addChunk (node:internal/streams/readable:561:12)
    at readableAddChunkPushByteMode (node:internal/streams/readable:512:3)
    at Readable.push (node:internal/streams/readable:392:5) {
  code: 'EAUTH',
  response: '535-5.7.8 Username and Password not accepted. For more information, go to\n' +
    '535 5.7.8  https://support.google.com/mail/?p=BadCredentials ffacd0b85a97d-43fe4e3a341sm74658843f8f.24 - gsmtp',
  responseCode: 535,
  command: 'AUTH PLAIN'
}
Resend OTP error: Error: Invalid login: 535-5.7.8 Username and Password not accepted. For more information, go to
535 5.7.8  https://support.google.com/mail/?p=BadCredentials 5b1f17b1804b1-489201cde98sm438528635e9.7 - gsmtp
    at SMTPConnection._formatError (C:\Users\HP\Downloads\feeX\backend\node_modules\nodemailer\lib\smtp-connection\index.js:887:19)
    at SMTPConnection._actionAUTHComplete (C:\Users\HP\Downloads\feeX\backend\node_modules\nodemailer\lib\smtp-connection\index.js:1695:34)
    at SMTPConnection.<anonymous> (C:\Users\HP\Downloads\feeX\backend\node_modules\nodemailer\lib\smtp-connection\index.js:626:26)
    at SMTPConnection._processResponse (C:\Users\HP\Downloads\feeX\backend\node_modules\nodemailer\lib\smtp-connection\index.js:1072:20)
    at SMTPConnection._onData (C:\Users\HP\Downloads\feeX\backend\node_modules\nodemailer\lib\smtp-connection\index.js:847:14)
    at SMTPConnection._onSocketData (C:\Users\HP\Downloads\feeX\backend\node_modules\nodemailer\lib\smtp-connection\index.js:217:44)
    at TLSSocket.emit (node:events:519:28)
    at addChunk (node:internal/streams/readable:561:12)
    at readableAddChunkPushByteMode (node:internal/streams/readable:512:3)
    at Readable.push (node:internal/streams/readable:392:5) {
  code: 'EAUTH',
  response: '535-5.7.8 Username and Password not accepted. For more information, go to\n' +
    '535 5.7.8  https://support.google.com/mail/?p=BadCredentials 5b1f17b1804b1-489201cde98sm438528635e9.7 - gsmtp',
  responseCode: 535,
  command: 'AUTH PLAIN'
}
